-- summary --
CallHierarchyCount = 2
CompletionsCount = 177
CompletionSnippetCount = 27
RankedCompletionsCount = 151
SemanticTokenCount = 3
SuggestedFixCount = 80
MethodExtractionCount = 8
InlayHintsCount = 5
RenamesCount = 48
PrepareRenamesCount = 7
LinksCount = 7
SelectionRangesCount = 3

