-- summary --
CallHierarchyCount = 2
CompletionsCount = 258
CompletionSnippetCount = 115
UnimportedCompletionsCount = 5
DeepCompletionsCount = 5
FuzzyCompletionsCount = 8
RankedCompletionsCount = 174
CaseSensitiveCompletionsCount = 4
DiagnosticsCount = 3
SemanticTokenCount = 3
SuggestedFixCount = 80
MethodExtractionCount = 8
DefinitionsCount = 46
TypeDefinitionsCount = 18
InlayHintsCount = 5
RenamesCount = 48
PrepareRenamesCount = 7
SignaturesCount = 33
LinksCount = 7
SelectionRangesCount = 3

